Starting test...
Reading headers...
PHP Deprecated:  fgetcsv(): the $escape parameter must be provided as its default value will change in /home/wrnash1/development/nautilus/app/Services/Import/ProductImportService.php on line 68

Deprecated: fgetcsv(): the $escape parameter must be provided as its default value will change in /home/wrnash1/development/nautilus/app/Services/Import/ProductImportService.php on line 68
Detecting mapping...
Array
(
    [Part #] => sku
    [Primary Description] => name
    [Auxiliary Description] => description
    [Barcode] => barcode
    [Vendor Name] => vendor
    [Category] => category
    [Manufacturer] => vendor
    [Size] => dimensions
    [Model Number] => model
    [Cost] => cost
    [MSRP] => price
    [Retail] => price
    [Wholesale] => cost
    [Quantity on Hand] => quantity_in_stock
    [Weight] => weight
    [Image 1] => image_path
)
Creating import job...
Job ID: 9
Saving mapping...
Executing import...
PHP Deprecated:  fgetcsv(): the $escape parameter must be provided as its default value will change in /home/wrnash1/development/nautilus/app/Services/Import/ProductImportService.php on line 93

Deprecated: fgetcsv(): the $escape parameter must be provided as its default value will change in /home/wrnash1/development/nautilus/app/Services/Import/ProductImportService.php on line 93
PHP Deprecated:  fgetcsv(): the $escape parameter must be provided as its default value will change in /home/wrnash1/development/nautilus/app/Services/Import/ProductImportService.php on line 93

Deprecated: fgetcsv(): the $escape parameter must be provided as its default value will change in /home/wrnash1/development/nautilus/app/Services/Import/ProductImportService.php on line 93
PHP Deprecated:  fgetcsv(): the $escape parameter must be provided as its default value will change in /home/wrnash1/development/nautilus/app/Services/Import/ProductImportService.php on line 93

Deprecated: fgetcsv(): the $escape parameter must be provided as its default value will change in /home/wrnash1/development/nautilus/app/Services/Import/ProductImportService.php on line 93
PHP Deprecated:  fgetcsv(): the $escape parameter must be provided as its default value will change in /home/wrnash1/development/nautilus/app/Services/Import/ProductImportService.php on line 93

Deprecated: fgetcsv(): the $escape parameter must be provided as its default value will change in /home/wrnash1/development/nautilus/app/Services/Import/ProductImportService.php on line 93
PHP Deprecated:  fgetcsv(): the $escape parameter must be provided as its default value will change in /home/wrnash1/development/nautilus/app/Services/Import/ProductImportService.php on line 93

Deprecated: fgetcsv(): the $escape parameter must be provided as its default value will change in /home/wrnash1/development/nautilus/app/Services/Import/ProductImportService.php on line 93
PHP Deprecated:  fgetcsv(): the $escape parameter must be provided as its default value will change in /home/wrnash1/development/nautilus/app/Services/Import/ProductImportService.php on line 93

Deprecated: fgetcsv(): the $escape parameter must be provided as its default value will change in /home/wrnash1/development/nautilus/app/Services/Import/ProductImportService.php on line 93
PHP Deprecated:  fgetcsv(): the $escape parameter must be provided as its default value will change in /home/wrnash1/development/nautilus/app/Services/Import/ProductImportService.php on line 93

Deprecated: fgetcsv(): the $escape parameter must be provided as its default value will change in /home/wrnash1/development/nautilus/app/Services/Import/ProductImportService.php on line 93
PHP Deprecated:  fgetcsv(): the $escape parameter must be provided as its default value will change in /home/wrnash1/development/nautilus/app/Services/Import/ProductImportService.php on line 93

Deprecated: fgetcsv(): the $escape parameter must be provided as its default value will change in /home/wrnash1/development/nautilus/app/Services/Import/ProductImportService.php on line 93
PHP Deprecated:  fgetcsv(): the $escape parameter must be provided as its default value will change in /home/wrnash1/development/nautilus/app/Services/Import/ProductImportService.php on line 93

Deprecated: fgetcsv(): the $escape parameter must be provided as its default value will change in /home/wrnash1/development/nautilus/app/Services/Import/ProductImportService.php on line 93
PHP Deprecated:  fgetcsv(): the $escape parameter must be provided as its default value will change in /home/wrnash1/development/nautilus/app/Services/Import/ProductImportService.php on line 93

Deprecated: fgetcsv(): the $escape parameter must be provided as its default value will change in /home/wrnash1/development/nautilus/app/Services/Import/ProductImportService.php on line 93
PHP Deprecated:  fgetcsv(): the $escape parameter must be provided as its default value will change in /home/wrnash1/development/nautilus/app/Services/Import/ProductImportService.php on line 93

Deprecated: fgetcsv(): the $escape parameter must be provided as its default value will change in /home/wrnash1/development/nautilus/app/Services/Import/ProductImportService.php on line 93
Array
(
    [processed] => 9
    [success] => 0
    [updated] => 8
    [skipped] => 0
    [failed] => 1
    [errors] => Array
        (
            [0] => Row 2: Valid retail price is required, Cost price is missing (will use default 0)
        )

    [created_ids] => Array
        (
        )

    [updated_ids] => Array
        (
            [0] => 1
            [1] => 2
            [2] => 3
            [3] => 4
            [4] => 5
            [5] => 6
            [6] => 7
            [7] => 8
        )

)
Verifying database...
Product: SEAHORNET STYLE GUN BAND YELLOW/AMBER 22'' X 5/8'' (SKU: 0014)
Model: 
Attributes: {"Gross Margin %":"50.00","Minimum Price":"0.00","Sale Price":"0.00","Package Price":"0.00","Preferred Customer Price":"0.00","Staff":"0.00","Government":"0.00","Wholesale":"0.00","Online Price":"14.10","Apply Tax 1 (Yes\/No)":"Yes","Apply Tax 2 (Yes\/No)":"No","Apply Tax 3 (Yes\/No)":"No","No Commission flag":"No","Commission Bonus":"0","On Sale":"No","Ignore Roundup":"No","Discount Value (%)":"0","Make Miscelleneous Item":"No","Don't check for inventory in Stock Flag":"No","Preferred Stock Level":"0","Reorder Quantity":"0","Case Quantity":"0","Print Label for each item in Stock":"Yes","Warranty Reminder":"No","POS Visibility":"Yes","Last Received Date":"N\/A","Website Visibility":"No","Online Title":"SEAHORNET STYLE GUN BAND YELLOW\/AMBER 22'' X 5\/8''","Online Description":"SEAHORNET STYLE GUN BAND YELLOW\/AMBER 22'' X 5\/8''","Free Shipping":"No","Display in Product Listing":"Yes","Min. Advertised Pricing Flag":"No","Min. Advertised Pricing":"0","Product Url":"ascubadiving.com\/products\/seahornet_style_gun_band_yellow_amber_22_x_5_8_"}
-------------------
Product: SEAHORNET STYLE GUN BAND YELLOW/AMBER 20' X 5/8'' (SKU: 0013)
Model: 
Attributes: {"Gross Margin %":"50.00","Minimum Price":"0.00","Sale Price":"0.00","Package Price":"0.00","Preferred Customer Price":"0.00","Staff":"0.00","Government":"0.00","Wholesale":"0.00","Online Price":"13.80","Apply Tax 1 (Yes\/No)":"Yes","Apply Tax 2 (Yes\/No)":"No","Apply Tax 3 (Yes\/No)":"No","No Commission flag":"No","Commission Bonus":"0","On Sale":"No","Ignore Roundup":"No","Discount Value (%)":"0","Make Miscelleneous Item":"No","Don't check for inventory in Stock Flag":"No","Preferred Stock Level":"0","Reorder Quantity":"0","Case Quantity":"0","Print Label for each item in Stock":"Yes","Warranty Reminder":"No","POS Visibility":"Yes","Last Received Date":"N\/A","Website Visibility":"No","Online Title":"SEAHORNET STYLE GUN BAND YELLOW\/AMBER 20' X 5\/8''","Online Description":"SEAHORNET STYLE GUN BAND YELLOW\/AMBER 20' X 5\/8''","Free Shipping":"No","Display in Product Listing":"Yes","Min. Advertised Pricing Flag":"No","Min. Advertised Pricing":"0","Product Url":"ascubadiving.com\/products\/seahornet_style_gun_band_yellow_amber_20_x_5_8_"}
-------------------
Product: SEAHORNET STYLE GUN BAND YELLOW/AMBER 18'' X 5/8'' (SKU: 0012)
Model: 
Attributes: {"Gross Margin %":"50.00","Minimum Price":"0.00","Sale Price":"0.00","Package Price":"0.00","Preferred Customer Price":"0.00","Staff":"0.00","Government":"0.00","Wholesale":"0.00","Online Price":"13.50","Apply Tax 1 (Yes\/No)":"Yes","Apply Tax 2 (Yes\/No)":"No","Apply Tax 3 (Yes\/No)":"No","No Commission flag":"No","Commission Bonus":"0","On Sale":"No","Ignore Roundup":"No","Discount Value (%)":"0","Make Miscelleneous Item":"No","Don't check for inventory in Stock Flag":"No","Preferred Stock Level":"0","Reorder Quantity":"0","Case Quantity":"0","Print Label for each item in Stock":"Yes","Warranty Reminder":"No","POS Visibility":"Yes","Last Received Date":"N\/A","Website Visibility":"No","Online Title":"SEAHORNET STYLE GUN BAND YELLOW\/AMBER 18'' X 5\/8''","Online Description":"SEAHORNET STYLE GUN BAND YELLOW\/AMBER 18'' X 5\/8''","Free Shipping":"No","Display in Product Listing":"Yes","Min. Advertised Pricing Flag":"No","Min. Advertised Pricing":"0","Product Url":"ascubadiving.com\/products\/seahornet_style_gun_band_yellow_amber_18_x_5_8_"}
-------------------
Product: SEAHORNET STYLE GUN BAND YELLOW/AMBER 16'' X 5/8'' (SKU: 0011)
Model: 
Attributes: {"Gross Margin %":"50.00","Minimum Price":"0.00","Sale Price":"0.00","Package Price":"0.00","Preferred Customer Price":"0.00","Staff":"0.00","Government":"0.00","Wholesale":"0.00","Online Price":"13.20","Apply Tax 1 (Yes\/No)":"Yes","Apply Tax 2 (Yes\/No)":"No","Apply Tax 3 (Yes\/No)":"No","No Commission flag":"No","Commission Bonus":"0","On Sale":"No","Ignore Roundup":"No","Discount Value (%)":"0","Make Miscelleneous Item":"No","Don't check for inventory in Stock Flag":"No","Preferred Stock Level":"0","Reorder Quantity":"0","Case Quantity":"0","Print Label for each item in Stock":"Yes","Warranty Reminder":"No","POS Visibility":"Yes","Last Received Date":"N\/A","Website Visibility":"No","Online Title":"SEAHORNET STYLE GUN BAND YELLOW\/AMBER 16'' X 5\/8''","Online Description":"SEAHORNET STYLE GUN BAND YELLOW\/AMBER 16'' X 5\/8''","Free Shipping":"No","Display in Product Listing":"Yes","Min. Advertised Pricing Flag":"No","Min. Advertised Pricing":"0","Product Url":"ascubadiving.com\/products\/seahornet_style_gun_band_yellow_amber_16_x_5_8_"}
-------------------
Product: SEAHORNET STYLE GUN BAND YELLOW/AMBER 14'' X 5/8'' (SKU: 0010)
Model: 
Attributes: {"Gross Margin %":"50.00","Minimum Price":"0.00","Sale Price":"0.00","Package Price":"0.00","Preferred Customer Price":"0.00","Staff":"0.00","Government":"0.00","Wholesale":"0.00","Online Price":"12.90","Apply Tax 1 (Yes\/No)":"Yes","Apply Tax 2 (Yes\/No)":"No","Apply Tax 3 (Yes\/No)":"No","No Commission flag":"No","Commission Bonus":"0","On Sale":"No","Ignore Roundup":"No","Discount Value (%)":"0","Make Miscelleneous Item":"No","Don't check for inventory in Stock Flag":"No","Preferred Stock Level":"0","Reorder Quantity":"0","Case Quantity":"0","Print Label for each item in Stock":"Yes","Warranty Reminder":"No","POS Visibility":"Yes","Last Received Date":"N\/A","Website Visibility":"No","Online Title":"SEAHORNET STYLE GUN BAND YELLOW\/AMBER 14'' X 5\/8''","Online Description":"SEAHORNET STYLE GUN BAND YELLOW\/AMBER 14'' X 5\/8''","Free Shipping":"No","Display in Product Listing":"Yes","Min. Advertised Pricing Flag":"No","Min. Advertised Pricing":"0","Product Url":"ascubadiving.com\/products\/seahornet_style_gun_band_yellow_amber_14_x_5_8_"}
-------------------
